Archive member included because of file (symbol)

c:/users/littwin/documents/arduino/codeblocks/bin/../lib/gcc/avr/4.3.3/../../../../avr/lib/avr6\libm.a(addsf3.o)
                              .objs\Commands.o (__subsf3)
c:/users/littwin/documents/arduino/codeblocks/bin/../lib/gcc/avr/4.3.3/../../../../avr/lib/avr6\libm.a(addsf3x.o)
                              c:/users/littwin/documents/arduino/codeblocks/bin/../lib/gcc/avr/4.3.3/../../../../avr/lib/avr6\libm.a(addsf3.o) (__addsf3x)
c:/users/littwin/documents/arduino/codeblocks/bin/../lib/gcc/avr/4.3.3/../../../../avr/lib/avr6\libm.a(atan2.o)
                              .objs\motion.o (atan2)
c:/users/littwin/documents/arduino/codeblocks/bin/../lib/gcc/avr/4.3.3/../../../../avr/lib/avr6\libm.a(atan.o)
                              c:/users/littwin/documents/arduino/codeblocks/bin/../lib/gcc/avr/4.3.3/../../../../avr/lib/avr6\libm.a(atan2.o) (atan)
c:/users/littwin/documents/arduino/codeblocks/bin/../lib/gcc/avr/4.3.3/../../../../avr/lib/avr6\libm.a(ceil.o)
                              .objs\Extruder.o (ceil)
c:/users/littwin/documents/arduino/codeblocks/bin/../lib/gcc/avr/4.3.3/../../../../avr/lib/avr6\libm.a(cmpsf2.o)
                              .objs\Eeprom.o (__eqsf2)
c:/users/littwin/documents/arduino/codeblocks/bin/../lib/gcc/avr/4.3.3/../../../../avr/lib/avr6\libm.a(cos.o)
                              .objs\motion.o (cos)
c:/users/littwin/documents/arduino/codeblocks/bin/../lib/gcc/avr/4.3.3/../../../../avr/lib/avr6\libm.a(divsf3.o)
                              .objs\Commands.o (__divsf3)
c:/users/littwin/documents/arduino/codeblocks/bin/../lib/gcc/avr/4.3.3/../../../../avr/lib/avr6\libm.a(divsf3x.o)
                              c:/users/littwin/documents/arduino/codeblocks/bin/../lib/gcc/avr/4.3.3/../../../../avr/lib/avr6\libm.a(divsf3.o) (__divsf3x)
c:/users/littwin/documents/arduino/codeblocks/bin/../lib/gcc/avr/4.3.3/../../../../avr/lib/avr6\libm.a(fixsfsi.o)
                              .objs\Commands.o (__fixsfsi)
c:/users/littwin/documents/arduino/codeblocks/bin/../lib/gcc/avr/4.3.3/../../../../avr/lib/avr6\libm.a(fixunssfsi.o)
                              .objs\Commands.o (__fixunssfsi)
c:/users/littwin/documents/arduino/codeblocks/bin/../lib/gcc/avr/4.3.3/../../../../avr/lib/avr6\libm.a(floatsisf.o)
                              .objs\cores\Print.o (__floatunsisf)
c:/users/littwin/documents/arduino/codeblocks/bin/../lib/gcc/avr/4.3.3/../../../../avr/lib/avr6\libm.a(floor.o)
                              .objs\Extruder.o (floor)
c:/users/littwin/documents/arduino/codeblocks/bin/../lib/gcc/avr/4.3.3/../../../../avr/lib/avr6\libm.a(fp_cmp.o)
                              c:/users/littwin/documents/arduino/codeblocks/bin/../lib/gcc/avr/4.3.3/../../../../avr/lib/avr6\libm.a(cmpsf2.o) (__fp_cmp)
c:/users/littwin/documents/arduino/codeblocks/bin/../lib/gcc/avr/4.3.3/../../../../avr/lib/avr6\libm.a(fp_inf.o)
                              c:/users/littwin/documents/arduino/codeblocks/bin/../lib/gcc/avr/4.3.3/../../../../avr/lib/avr6\libm.a(addsf3x.o) (__fp_inf)
c:/users/littwin/documents/arduino/codeblocks/bin/../lib/gcc/avr/4.3.3/../../../../avr/lib/avr6\libm.a(fp_mintl.o)
                              c:/users/littwin/documents/arduino/codeblocks/bin/../lib/gcc/avr/4.3.3/../../../../avr/lib/avr6\libm.a(ceil.o) (__fp_mintl)
c:/users/littwin/documents/arduino/codeblocks/bin/../lib/gcc/avr/4.3.3/../../../../avr/lib/avr6\libm.a(fp_mpack.o)
                              c:/users/littwin/documents/arduino/codeblocks/bin/../lib/gcc/avr/4.3.3/../../../../avr/lib/avr6\libm.a(ceil.o) (__fp_mpack)
c:/users/littwin/documents/arduino/codeblocks/bin/../lib/gcc/avr/4.3.3/../../../../avr/lib/avr6\libm.a(fp_nan.o)
                              c:/users/littwin/documents/arduino/codeblocks/bin/../lib/gcc/avr/4.3.3/../../../../avr/lib/avr6\libm.a(addsf3x.o) (__fp_nan)
c:/users/littwin/documents/arduino/codeblocks/bin/../lib/gcc/avr/4.3.3/../../../../avr/lib/avr6\libm.a(fp_powser.o)
                              c:/users/littwin/documents/arduino/codeblocks/bin/../lib/gcc/avr/4.3.3/../../../../avr/lib/avr6\libm.a(atan.o) (__fp_powser)
c:/users/littwin/documents/arduino/codeblocks/bin/../lib/gcc/avr/4.3.3/../../../../avr/lib/avr6\libm.a(fp_pscA.o)
                              c:/users/littwin/documents/arduino/codeblocks/bin/../lib/gcc/avr/4.3.3/../../../../avr/lib/avr6\libm.a(addsf3x.o) (__fp_pscA)
c:/users/littwin/documents/arduino/codeblocks/bin/../lib/gcc/avr/4.3.3/../../../../avr/lib/avr6\libm.a(fp_pscB.o)
                              c:/users/littwin/documents/arduino/codeblocks/bin/../lib/gcc/avr/4.3.3/../../../../avr/lib/avr6\libm.a(addsf3x.o) (__fp_pscB)
c:/users/littwin/documents/arduino/codeblocks/bin/../lib/gcc/avr/4.3.3/../../../../avr/lib/avr6\libm.a(fp_rempio2.o)
[...]
Memory Configuration

Name             Origin             Length             Attributes
text             0x00000000         0x00100000         xr
data             0x00800200         0x0000fe00         rw !x
eeprom           0x00810000         0x00010000         rw !x
fuse             0x00820000         0x00000400         rw !x
lock             0x00830000         0x00000400         rw !x
signature        0x00840000         0x00000400         rw !x
*default*        0x00000000         0xffffffff

Linker script and memory map

Address of section .data set to 0x800200
LOAD c:/users/littwin/documents/arduino/codeblocks/bin/../lib/gcc/avr/4.3.3/../../../../avr/lib/avr6/crtm2560.o
LOAD .objs\Commands.o
LOAD .objs\cores\CDC.o
LOAD .objs\cores\main.o
LOAD .objs\cores\Print.o
LOAD .objs\cores\Stream.o
LOAD .objs\cores\USBCore.o
LOAD .objs\cores\WInterrupts.o
LOAD .objs\cores\wiring.o
LOAD .objs\cores\wiring_analog.o
LOAD .objs\cores\wiring_digital.o
LOAD .objs\cores\wiring_pulse.o
LOAD .objs\cores\wiring_shift.o
LOAD .objs\cores\WMath.o
LOAD .objs\cores\WString.o
LOAD .objs\Eeprom.o
LOAD .objs\Extruder.o
LOAD .objs\gcode.o
LOAD .objs\HAL.o
LOAD .objs\motion.o
LOAD .objs\Repetier.o
LOAD .objs\SDCard.o
LOAD .objs\SdFat.o
LOAD .objs\ui.o
LOAD c:/users/littwin/documents/arduino/codeblocks/bin/../lib/gcc/avr/4.3.3/../../../../avr/lib/avr6\libm.a
LOAD c:/users/littwin/documents/arduino/codeblocks/bin/../lib/gcc/avr/4.3.3/avr6\libgcc.a
LOAD c:/users/littwin/documents/arduino/codeblocks/bin/../lib/gcc/avr/4.3.3/../../../../avr/lib/avr6\libc.a
LOAD c:/users/littwin/documents/arduino/codeblocks/bin/../lib/gcc/avr/4.3.3/avr6\libgcc.a

.hash
 *(.hash)

.dynsym
 *(.dynsym)

.dynstr
 *(.dynstr)

.gnu.version
 *(.gnu.version)

.gnu.version_d
 *(.gnu.version_d)

.gnu.version_r
 *(.gnu.version_r)

.rel.init
 *(.rel.init)

.rela.init
 *(.rela.init)

.rel.text
 *(.rel.text)
 *(.rel.text.*)
 *(.rel.gnu.linkonce.t*)

.rela.text
 *(.rela.text)
 *(.rela.text.*)
 *(.rela.gnu.linkonce.t*)

.rel.fini
 *(.rel.fini)

.rela.fini
 *(.rela.fini)

.rel.rodata
 *(.rel.rodata)
 *(.rel.rodata.*)
 *(.rel.gnu.linkonce.r*)

.rela.rodata
 *(.rela.rodata)
 *(.rela.rodata.*)
 *(.rela.gnu.linkonce.r*)

.rel.data
 *(.rel.data)
 *(.rel.data.*)
 *(.rel.gnu.linkonce.d*)

.rela.data
 *(.rela.data)
 *(.rela.data.*)
 *(.rela.gnu.linkonce.d*)

.rel.ctors
 *(.rel.ctors)

.rela.ctors
 *(.rela.ctors)

.rel.dtors
 *(.rel.dtors)

.rela.dtors
 *(.rela.dtors)

.rel.got
 *(.rel.got)

.rela.got
 *(.rela.got)

.rel.bss
 *(.rel.bss)

.rela.bss
 *(.rela.bss)

.rel.plt
 *(.rel.plt)

.rela.plt
 *(.rela.plt)

.text           0x00000000    0x10412
 *(.vectors)
 .vectors       0x00000000       0xe4 c:/users/littwin/documents/arduino/codeblocks/bin/../lib/gcc/avr/4.3.3/../../../../avr/lib/avr6/crtm2560.o
                0x00000000                __vectors
                0x00000000                __vector_default
 *(.vectors)
 *(.progmem.gcc*)
 .progmem.gcc_fplib
                0x000000e4       0x2d c:/users/littwin/documents/arduino/codeblocks/bin/../lib/gcc/avr/4.3.3/../../../../avr/lib/avr6\libm.a(atan.o)
 .progmem.gcc_fplib
                0x00000111       0x1e c:/users/littwin/documents/arduino/codeblocks/bin/../lib/gcc/avr/4.3.3/../../../../avr/lib/avr6\libm.a(fp_sinus.o)
 *(.progmem*)
 .progmem.data  0x0000012f      0x2c5 .objs\Commands.o
 .progmem.data  0x000003f4      0x120 .objs\cores\wiring_digital.o
                0x000003f4                port_to_mode_PGM
                0x00000442                digital_pin_to_port_PGM
                0x00000488                digital_pin_to_bit_mask_PGM
                0x0000040e                port_to_output_PGM
                0x00000428                port_to_input_PGM
                0x000004ce                digital_pin_to_timer_PGM
 .progmem.data  0x00000514      0x5d0 .objs\Eeprom.o
 .progmem.data  0x00000ae4      0x428 .objs\Extruder.o
                0x00000ae4                osAnalogInputChannels
 .progmem.data  0x00000f0c       0xc0 .objs\gcode.o
 .progmem.data  0x00000fcc      0x274 .objs\Repetier.o
                0x00000fcc                bresenham_step()::__c
 .progmem.data  0x00001240       0x3b c:/users/littwin/documents/arduino/codeblocks/bin/../lib/gcc/avr/4.3.3/../../../../avr/lib/avr6\libc.a(strtod.o)
                0x0000127c                . = ALIGN (0x2)
 *fill*         0x0000127b        0x1 00
                0x0000127c                __trampolines_start = .
 *(.trampolines)
 .trampolines   0x0000127c        0x0 linker stubs
 *(.trampolines*)
                0x0000127c                __trampolines_end = .
 *(.jumptables)
 *(.jumptables*)
 *(.lowtext)
 *(.lowtext*)
                0x0000127c                __ctors_start = .
 *(.ctors)
 .ctors         0x0000127c        0x2 .objs\gcode.o
                0x0000127e                __ctors_end = .
                0x0000127e                __dtors_start = .
 *(.dtors)
                0x0000127e                __dtors_end = .
 SORT(*)(.ctors)
 SORT(*)(.dtors)
 *(.init0)
 .init0         0x0000127e        0x0 c:/users/littwin/documents/arduino/codeblocks/bin/../lib/gcc/avr/4.3.3/../../../../avr/lib/avr6/crtm2560.o
                0x0000127e                __init
 *(.init0)
 *(.init1)
 *(.init1)
 *(.init2)
 .init2         0x0000127e       0x10 c:/users/littwin/documents/arduino/codeblocks/bin/../lib/gcc/avr/4.3.3/../../../../avr/lib/avr6/crtm2560.o
 *(.init2)
 *(.init3)
 *(.init3)
 *(.init4)
 .init4         0x0000128e       0x1c c:/users/littwin/documents/arduino/codeblocks/bin/../lib/gcc/avr/4.3.3/../../../../avr/lib/avr6/crtm2560.o
                0x0000128e                __do_copy_data
 .init4         0x000012aa       0x10 c:/users/littwin/documents/arduino/codeblocks/bin/../lib/gcc/avr/4.3.3/avr6\libgcc.a(_clear_bss.o)
                0x000012aa                __do_clear_bss
 *(.init4)
 *(.init5)
 *(.init5)
 *(.init6)
 .init6         0x000012ba       0x16 c:/users/littwin/documents/arduino/codeblocks/bin/../lib/gcc/avr/4.3.3/avr6\libgcc.a(_ctors.o)
                0x000012ba                __do_global_ctors
 *(.init6)
 *(.init7)
 *(.init7)
 *(.init8)
 *(.init8)
 *(.init9)
 .init9         0x000012d0        0x8 c:/users/littwin/documents/arduino/codeblocks/bin/../lib/gcc/avr/4.3.3/../../../../avr/lib/avr6/crtm2560.o
 *(.init9)
 *(.text)
 .text          0x000012d8        0x4 c:/users/littwin/documents/arduino/codeblocks/bin/../lib/gcc/avr/4.3.3/../../../../avr/lib/avr6/crtm2560.o
                0x000012d8                __vector_38
                0x000012d8                __vector_28
                0x000012d8                __vector_32
                0x000012d8                __vector_34
                0x000012d8                __vector_24
                0x000012d8                __vector_12
                0x000012d8                __vector_55
                0x000012d8                __vector_46
                0x000012d8                __bad_interrupt
                0x000012d8                __vector_31
                0x000012d8                __vector_35
                0x000012d8                __vector_39
                0x000012d8                __vector_30
                0x000012d8                __vector_45
                0x000012d8                __vector_11
                0x000012d8                __vector_54
                0x000012d8                __vector_13
                0x000012d8                __vector_19
                0x000012d8                __vector_56
                0x000012d8                __vector_49
                0x000012d8                __vector_41
                0x000012d8                __vector_43
                0x000012d8                __vector_27
                0x000012d8                __vector_33
                0x000012d8                __vector_47
                0x000012d8                __vector_52
                0x000012d8                __vector_37
                0x000012d8                __vector_44
                0x000012d8                __vector_51
                0x000012d8                __vector_9
                0x000012d8                __vector_15
                0x000012d8                __vector_36
                0x000012d8                __vector_29
                0x000012d8                __vector_40
                0x000012d8                __vector_48
                0x000012d8                __vector_14
                0x000012d8                __vector_53
                0x000012d8                __vector_10
                0x000012d8                __vector_50
                0x000012d8                __vector_16
                0x000012d8                __vector_18
                0x000012d8                __vector_20
                0x000012d8                __vector_42
 .text          0x000012dc      0x2c0 c:/users/littwin/documents/arduino/codeblocks/bin/../lib/gcc/avr/4.3.3/../../../../avr/lib/avr6\libc.a(strtod.o)
                0x000012dc                strtod
 .text          0x0000159c      0x25e c:/users/littwin/documents/arduino/codeblocks/bin/../lib/gcc/avr/4.3.3/../../../../avr/lib/avr6\libc.a(strtol.o)
                0x0000159c                strtol
 .text          0x000017fa       0x30 c:/users/littwin/documents/arduino/codeblocks/bin/../lib/gcc/avr/4.3.3/../../../../avr/lib/avr6\libc.a(strncasecmp_P.o)
                0x000017fa                strncasecmp_P
 .text          0x0000182a       0x16 c:/users/littwin/documents/arduino/codeblocks/bin/../lib/gcc/avr/4.3.3/../../../../avr/lib/avr6\libc.a(strchr.o)
                0x0000182a                strchr
                0x00001840                . = ALIGN (0x2)
 *(.text.*)
 .text._Z14microstep_initv
                0x00001840        0x2 .objs\Commands.o
                0x00001840                microstep_init()
 .text._Z23change_flowate_multiplyi
                0x00001842       0x34 .objs\Commands.o
                0x00001842                change_flowate_multiply(int)
 .text._Z24change_feedrate_multiplyi
                0x00001876       0xbc .objs\Commands.o
                0x00001876                change_feedrate_multiply(int)
 .text._Z9home_axisbbb
                0x00001932      0x656 .objs\Commands.o
                0x00001932                home_axis(bool, bool, bool)
 .text._Z13printPositionv
                0x00001f88      0x21a .objs\Commands.o
                0x00001f88                printPosition()
 .text._Z18print_temperaturesv
                0x000021a2       0x72 .objs\Commands.o
                0x000021a2                print_temperatures()
 .text._Z16check_periodicalv
                0x00002214       0x36 .objs\Commands.o
                0x00002214                check_periodical()
 .text._Z22wait_until_end_of_movev
                0x0000224a       0x14 .objs\Commands.o
                0x0000224a                wait_until_end_of_move()
 .text._Z13set_fan_speedib
                0x0000225e       0x3e .objs\Commands.o
                0x0000225e                set_fan_speed(int, bool)
 .text._Z15process_commandP5GCodeh
                0x0000229c     0x1c58 .objs\Commands.o
                0x0000229c                process_command(GCode*, unsigned char)
 .text.main     0x00003ef4       0x28 .objs\cores\main.o
                0x00003ef4                main
 .text._ZN5Print5writeEPKhj
                0x00003f1c       0x58 .objs\cores\Print.o
                0x00003f1c                Print::write(unsigned char const*, unsigned int)
 .text._ZN5Print5printEc
                0x00003f74       0x10 .objs\cores\Print.o
                0x00003f74                Print::print(char)
 .text._ZN5Print7printlnEv
                0x00003f84       0x40 .objs\cores\Print.o
                0x00003f84                Print::println()
 .text._ZN5Print5writeEPKc
                0x00003fc4       0x3e .objs\cores\Print.o
                0x00003fc4                Print::write(char const*)
 .text._ZN5Print11printNumberEmh
                0x00004002      0x10c .objs\cores\Print.o
                0x00004002                Print::printNumber(unsigned long, unsigned char)
 .text._ZN5Print5printEmi
                0x0000410e       0x1e .objs\cores\Print.o
                0x0000410e                Print::print(unsigned long, int)
 .text._ZN5Print5printEji
                0x0000412c       0x22 .objs\cores\Print.o
                0x0000412c                Print::print(unsigned int, int)
 .text._ZN5Print5printEli
                0x0000414e       0x8a .objs\cores\Print.o
                0x0000414e                Print::print(long, int)
 .text._ZN5Print7printlnEli
                0x000041d8       0x28 .objs\cores\Print.o
                0x000041d8                Print::println(long, int)
 .text._ZN5Print5printEii
                0x00004200       0x26 .objs\cores\Print.o
                0x00004200                Print::print(int, int)
 .text._ZN5Print7printlnEii
                0x00004226       0x3e .objs\cores\Print.o
                0x00004226                Print::println(int, int)
 .text._ZN5Print5printEPKc
                0x00004264       0x3e .objs\cores\Print.o
                0x00004264                Print::print(char const*)
 .text._ZN5Print10printFloatEdh
                0x000042a2      0x248 .objs\cores\Print.o
                0x000042a2                Print::printFloat(double, unsigned char)
 .text._ZN5Print5printEdi
                0x000044ea        0x6 .objs\cores\Print.o
                0x000044ea                Print::print(double, int)
 .text.__vector_1
                0x000044f0       0x62 .objs\cores\WInterrupts.o
                0x000044f0                __vector_1
 .text.__vector_2
                0x00004552       0x62 .objs\cores\WInterrupts.o
                0x00004552                __vector_2
 .text.__vector_3
                0x000045b4       0x62 .objs\cores\WInterrupts.o
                0x000045b4                __vector_3
 .text.__vector_4
                0x00004616       0x62 .objs\cores\WInterrupts.o
                0x00004616                __vector_4
 .text.__vector_5
                0x00004678       0x62 .objs\cores\WInterrupts.o
                0x00004678                __vector_5
 .text.__vector_6
                0x000046da       0x62 .objs\cores\WInterrupts.o
                0x000046da                __vector_6
 .text.__vector_7
                0x0000473c       0x62 .objs\cores\WInterrupts.o
                0x0000473c                __vector_7
 .text.__vector_8
                0x0000479e       0x62 .objs\cores\WInterrupts.o
                0x0000479e                __vector_8
 .text.__vector_23
                0x00004800       0x90 .objs\cores\wiring.o
                0x00004800                __vector_23
 .text.millis   0x00004890       0x1c .objs\cores\wiring.o
                0x00004890                millis
 .text.delayMicroseconds
                0x000048ac       0x14 .objs\cores\wiring.o
                0x000048ac                delayMicroseconds
 .text.init     0x000048c0       0xc4 .objs\cores\wiring.o
                0x000048c0                init
 .text.analogWrite
                0x00004984      0x1be .objs\cores\wiring_analog.o
                0x00004984                analogWrite
 .text.pinMode  0x00004b42       0x86 .objs\cores\wiring_digital.o
                0x00004b42                pinMode
 .text.turnOffPWM
                0x00004bc8       0xfe .objs\cores\wiring_digital.o
 .text.digitalWrite
                0x00004cc6       0x6c .objs\cores\wiring_digital.o
                0x00004cc6                digitalWrite
 .text._Z20epr_compute_checksumv
                0x00004d32       0x34 .objs\Eeprom.o
                0x00004d32                epr_compute_checksum()
 .text._Z11epr_set_intji
                0x00004d66       0x30 .objs\Eeprom.o
                0x00004d66                epr_set_int(unsigned int, int)
 .text._Z12epr_set_longjl
                0x00004d96       0x64 .objs\Eeprom.o
                0x00004d96                epr_set_long(unsigned int, long)
 .text._Z13epr_set_floatjf
                0x00004dfa       0x4c .objs\Eeprom.o
                0x00004dfa                epr_set_float(unsigned int, float)
 .text._Z17epr_init_baudratev
                0x00004e46       0x64 .objs\Eeprom.o
                0x00004e46                epr_init_baudrate()
 .text._Z16epr_eeprom_resetv
                0x00004eaa      0x45c .objs\Eeprom.o
                0x00004eaa                epr_eeprom_reset()
 .text._Z14epr_out_prefixj
                0x00005306       0x32 .objs\Eeprom.o
                0x00005306                epr_out_prefix(unsigned int)
 .text._Z12epr_out_bytejPKc
                0x00005338       0x6e .objs\Eeprom.o
                0x00005338                epr_out_byte(unsigned int, char const*)
 .text._Z11epr_out_intjPKc
                0x000053a6       0x7c .objs\Eeprom.o
                0x000053a6                epr_out_int(unsigned int, char const*)
 .text._Z12epr_out_longjPKc
                0x00005422       0x9c .objs\Eeprom.o
                0x00005422                epr_out_long(unsigned int, char const*)
 .text._Z13epr_out_floatjPKc
                0x000054be       0xb2 .objs\Eeprom.o
                0x000054be                epr_out_float(unsigned int, char const*)
 .text._Z19epr_output_settingsv
                0x00005570      0x2de .objs\Eeprom.o
                0x00005570                epr_output_settings()
 .text._Z16epr_update_usagev
                0x0000584e      0x250 .objs\Eeprom.o
                0x0000584e                epr_update_usage()
 .text._Z18epr_data_to_eepromh
                0x00005a9e     0x1084 .objs\Eeprom.o
                0x00005a9e                epr_data_to_eeprom(unsigned char)
 .text._Z18epr_eeprom_to_datav
                0x00006b22      0xca4 .objs\Eeprom.o
                0x00006b22                epr_eeprom_to_data()
 .text._Z10epr_updateP5GCode
                0x000077c6       0xc4 .objs\Eeprom.o
                0x000077c6                epr_update(GCode*)
 .text._Z8epr_initv
                0x0000788a       0x54 .objs\Eeprom.o
                0x0000788a                epr_init()
 .text._Z13initHeatedBedv
                0x000078de       0x9a .objs\Extruder.o
                0x000078de                initHeatedBed()
 .text._Z21updateTempControlVarsP21TemperatureController
                0x00007978       0x88 .objs\Extruder.o
                0x00007978                updateTempControlVars(TemperatureController*)
 .text._Z26heated_bed_get_temperaturev
                0x00007a00       0x16 .objs\Extruder.o
                0x00007a00                heated_bed_get_temperature()
 .text._Z20read_raw_temperaturehh
                0x00007a16       0x5a .objs\Extruder.o
                0x00007a16                read_raw_temperature(unsigned char, unsigned char)
 .text._Z13conv_raw_temphi
                0x00007a70      0x2b8 .objs\Extruder.o
                0x00007a70                conv_raw_temp(unsigned char, int)
 .text._Z13conv_temp_rawhf
                0x00007d28      0x250 .objs\Extruder.o
                0x00007d28                conv_temp_raw(unsigned char, float)
 .text._Z16disableAllHeaterv
                0x00007f78       0x4e .objs\Extruder.o
                0x00007f78                disableAllHeater()
 .text._Z21reportTempsensorErrorv
                0x00007fc6       0xb2 .objs\Extruder.o
                0x00007fc6                reportTempsensorError()
 .text._Z19manage_temperaturesv
                0x00008078      0x4d2 .objs\Extruder.o
                0x00008078                manage_temperatures()
 .text._Z13write_monitorv
                0x0000854a       0x88 .objs\Extruder.o
                0x0000854a                write_monitor()
 .text._Z26heated_bed_set_temperaturef
                0x000085d2       0xc4 .objs\Extruder.o
                0x000085d2                heated_bed_set_temperature(float)
 .text._Z11autotunePIDfi
                0x00008696      0x614 .objs\Extruder.o
                0x00008696                autotunePID(float, int)
 .text._Z16extruder_disablev
                0x00008caa       0x1a .objs\Extruder.o
                0x00008caa                extruder_disable()
 .text._Z24extruder_set_temperaturefh
                0x00008cc4      0x1be .objs\Extruder.o
                0x00008cc4                extruder_set_temperature(float, unsigned char)
 .text._Z15extruder_selecth
                0x00008e82      0x5b6 .objs\Extruder.o
                0x00008e82                extruder_select(unsigned char)
 .text._Z12initExtruderv
                0x00009438       0xdc .objs\Extruder.o
                0x00009438                initExtruder()
 .text.__vector_25
                0x00009514       0x70 .objs\gcode.o
                0x00009514                __vector_25
 .text.__vector_26
                0x00009584       0x7e .objs\gcode.o
                0x00009584                __vector_26
 .text._ZN16RFHardwareSerial5beginEm
                0x00009602      0x11c .objs\gcode.o
                0x00009602                RFHardwareSerial::begin(unsigned long)
 .text._ZN16RFHardwareSerial9availableEv
                0x0000971e       0x22 .objs\gcode.o
                0x0000971e                RFHardwareSerial::available()
 .text._ZN16RFHardwareSerial4peekEv
                0x00009740       0x42 .objs\gcode.o
                0x00009740                RFHardwareSerial::peek()
 .text._ZN16RFHardwareSerial4readEv
                0x00009782       0x54 .objs\gcode.o
                0x00009782                RFHardwareSerial::read()
 .text._ZN16RFHardwareSerial5flushEv
                0x000097d6       0x24 .objs\gcode.o
                0x000097d6                RFHardwareSerial::flush()
 .text._ZN16RFHardwareSerial5writeEh
                0x000097fa       0x6a .objs\gcode.o
                0x000097fa                RFHardwareSerial::write(unsigned char)
 .text._Z22gcode_comp_binary_sizePc
                0x00009864       0x70 .objs\gcode.o
                0x00009864                gcode_comp_binary_size(char*)
 .text._ZN12SerialOutput5writeEh
                0x000098d4        0xe .objs\gcode.o
                0x000098d4                SerialOutput::write(unsigned char)
 .text._ZN12SerialOutput7print_PEPKc
                0x000098e2       0x3a .objs\gcode.o
                0x000098e2                SerialOutput::print_P(char const*)
 .text._Z18gcode_next_commandv
                0x0000991c       0x3e .objs\gcode.o
                0x0000991c                gcode_next_command()
 .text._GLOBAL__I_gcode_buffer
                0x0000995a       0x9c .objs\gcode.o
 .text._ZN12SerialOutput11print_int_PEPKci
                0x000099f6       0x26 .objs\gcode.o
                0x000099f6                SerialOutput::print_int_P(char const*, int)
 .text._ZN12SerialOutput9println_PEPKc
                0x00009a1c       0x16 .objs\gcode.o
                0x00009a1c                SerialOutput::println_P(char const*)
 .text._Z18gcode_parse_binaryP5GCodePh
                0x00009a32      0x24a .objs\gcode.o
                0x00009a32                gcode_parse_binary(GCode*, unsigned char*)
 .text._ZN12SerialOutput13println_int_PEPKci
                0x00009c7c       0x26 .objs\gcode.o
                0x00009c7c                SerialOutput::println_int_P(char const*, int)
 .text._ZN12SerialOutput14println_long_PEPKcl
                0x00009ca2       0x32 .objs\gcode.o
                0x00009ca2                SerialOutput::println_long_P(char const*, long)
 .text._Z12gcode_resendv
                0x00009cd4       0x78 .objs\gcode.o
                0x00009cd4                gcode_resend()
 .text._ZN12SerialOutput12print_long_PEPKcl
                0x00009d4c       0x32 .objs\gcode.o
                0x00009d4c                SerialOutput::print_long_P(char const*, long)
 .text._Z17gcode_checkinsertP5GCode
                0x00009d7e      0x186 .objs\gcode.o
                0x00009d7e                gcode_checkinsert(GCode*)
 .text._ZN12SerialOutput10printFloatEdh
                0x00009f04      0x1c8 .objs\gcode.o
                0x00009f04                SerialOutput::printFloat(double, unsigned char)
 .text._ZN12SerialOutput15println_float_PEPKcfh
                0x0000a0cc       0x3a .objs\gcode.o
                0x0000a0cc                SerialOutput::println_float_P(char const*, float, unsigned char)
 .text._ZN12SerialOutput13print_float_PEPKcfh
                0x0000a106       0x2c .objs\gcode.o
                0x0000a106                SerialOutput::print_float_P(char const*, float, unsigned char)
 .text._Z19gcode_print_commandP5GCode
                0x0000a132      0x20c .objs\gcode.o
                0x0000a132                gcode_print_command(GCode*)
 .text._Z22gcode_command_finishedP5GCode
                0x0000a33e       0x42 .objs\gcode.o
                0x0000a33e                gcode_command_finished(GCode*)
 .text._Z17gcode_parse_asciiP5GCodePc
                0x0000a380      0x48e .objs\gcode.o
                0x0000a380                gcode_parse_ascii(GCode*, char*)
 .text._Z17gcode_read_serialv
                0x0000a80e      0x2bc .objs\gcode.o
                0x0000a80e                gcode_read_serial()
 .text._Z20updateStepsParameterP9PrintLine
                0x0000aaca      0x27c .objs\motion.o
                0x0000aaca                updateStepsParameter(PrintLine*)
 .text._Z14check_new_movehh
                0x0000ad46       0xa6 .objs\motion.o
                0x0000ad46                check_new_move(unsigned char, unsigned char)
 .text._Z16updateTrapezoidsh
                0x0000adec      0xd20 .objs\motion.o
                0x0000adec                updateTrapezoids(unsigned char)
 .text._Z14calculate_moveP9PrintLinePfhh
                0x0000bb0c      0xc7c .objs\motion.o
                0x0000bb0c                calculate_move(PrintLine*, float*, unsigned char, unsigned char)
 .text._Z10queue_movehh
                0x0000c788      0x9fc .objs\motion.o
                0x0000c788                queue_move(unsigned char, unsigned char)
 .text._Z6mc_arcPfS_S_fh
                0x0000d184      0x636 .objs\motion.o
                0x0000d184                mc_arc(float*, float*, float*, float, unsigned char)
 .text._Z10move_stepsllllfbb
                0x0000d7ba      0x180 .objs\motion.o
                0x0000d7ba                move_steps(long, long, long, long, float, bool, bool)
 .text._Z21update_extruder_flagsv
                0x0000d93a       0x44 .objs\Repetier.o
                0x0000d93a                update_extruder_flags()
 .text._Z8CPUDivU2j
                0x0000d97e      0x174 .objs\Repetier.o
                0x0000d97e                CPUDivU2(unsigned int)
 .text._Z15get_coordinatesP5GCode
                0x0000daf2      0x4e0 .objs\Repetier.o
                0x0000daf2                get_coordinates(GCode*)
 .text.__vector_21
                0x0000dfd2       0xbe .objs\Repetier.o
                0x0000dfd2                __vector_21
 .text.__vector_22
                0x0000e090      0x208 .objs\Repetier.o
                0x0000e090                __vector_22
 .text._Z14bresenham_stepv
                0x0000e298      0xd20 .objs\Repetier.o
                0x0000e298                bresenham_step()
 .text.__vector_17
                0x0000efb8      0x1b2 .objs\Repetier.o
                0x0000efb8                __vector_17
 .text._Z4killh
                0x0000f16a       0x6a .objs\Repetier.o
                0x0000f16a                kill(unsigned char)
 .text._Z18defaultLoopActionsv
                0x0000f1d4       0xd2 .objs\Repetier.o
                0x0000f1d4                defaultLoopActions()
 .text.loop     0x0000f2a6       0x18 .objs\Repetier.o
                0x0000f2a6                loop
 .text._Z22update_ramps_parameterv
                0x0000f2be      0x3b2 .objs\Repetier.o
                0x0000f2be                update_ramps_parameter()
 .text.setup    0x0000f670      0x36e .objs\Repetier.o
                0x0000f670                setup
 .text.fplib    0x0000f9de        0xa c:/users/littwin/documents/arduino/codeblocks/bin/../lib/gcc/avr/4.3.3/../../../../avr/lib/avr6\libm.a(addsf3.o)
                0x0000f9de                __subsf3
                0x0000f9e0                __addsf3
 .text.fplib    0x0000f9e8       0xc0 c:/users/littwin/documents/arduino/codeblocks/bin/../lib/gcc/avr/4.3.3/../../../../avr/lib/avr6\libm.a(addsf3x.o)
                0x0000fa02                __addsf3x
 .text.fplib    0x0000faa8       0x74 c:/users/littwin/documents/arduino/codeblocks/bin/../lib/gcc/avr/4.3.3/../../../../avr/lib/avr6\libm.a(atan2.o)
                0x0000fac6                atan2
 .text.fplib    0x0000fb1c       0x50 c:/users/littwin/documents/arduino/codeblocks/bin/../lib/gcc/avr/4.3.3/../../../../avr/lib/avr6\libm.a(atan.o)
                0x0000fb1c                atan
 .text.fplib    0x0000fb6c       0x26 c:/users/littwin/documents/arduino/codeblocks/bin/../lib/gcc/avr/4.3.3/../../../../avr/lib/avr6\libm.a(ceil.o)
                0x0000fb6c                ceil
 .text.fplib    0x0000fb92        0x8 c:/users/littwin/documents/arduino/codeblocks/bin/../lib/gcc/avr/4.3.3/../../../../avr/lib/avr6\libm.a(cmpsf2.o)
                0x0000fb92                __lesf2
                0x0000fb92                __nesf2
                0x0000fb92                __eqsf2
                0x0000fb92                __cmpsf2
                0x0000fb92                __ltsf2
 .text.fplib    0x0000fb9a        0x6 c:/users/littwin/documents/arduino/codeblocks/bin/../lib/gcc/avr/4.3.3/../../../../avr/lib/avr6\libm.a(cos.o)
                0x0000fb9a                cos
 .text.fplib    0x0000fba0        0x4 c:/users/littwin/documents/arduino/codeblocks/bin/../lib/gcc/avr/4.3.3/../../../../avr/lib/avr6\libm.a(divsf3.o)
                0x0000fba0                __divsf3
 .text.fplib    0x0000fba4       0xcc c:/users/littwin/documents/arduino/codeblocks/bin/../lib/gcc/avr/4.3.3/../../../../avr/lib/avr6\libm.a(divsf3x.o)
                0x0000fbba                __divsf3x
                0x0000fbbe                __divsf3_pse
 .text.fplib    0x0000fc70        0xa c:/users/littwin/documents/arduino/codeblocks/bin/../lib/gcc/avr/4.3.3/../../../../avr/lib/avr6\libm.a(fixsfsi.o)
                0x0000fc70                __fixsfsi
 .text.fplib    0x0000fc7a       0x58 c:/users/littwin/documents/arduino/codeblocks/bin/../lib/gcc/avr/4.3.3/../../../../avr/lib/avr6\libm.a(fixunssfsi.o)
                0x0000fc7a                __fixunssfsi
 .text.fplib    0x0000fcd2       0x7a c:/users/littwin/documents/arduino/codeblocks/bin/../lib/gcc/avr/4.3.3/../../../../avr/lib/avr6\libm.a(floatsisf.o)
                0x0000fcd6                __floatsisf
                0x0000fcd2                __floatunsisf
 .text.fplib    0x0000fd4c       0x26 c:/users/littwin/documents/arduino/codeblocks/bin/../lib/gcc/avr/4.3.3/../../../../avr/lib/avr6\libm.a(floor.o)
                0x0000fd4c                floor
 .text.fplib    0x0000fd72       0x48 c:/users/littwin/documents/arduino/codeblocks/bin/../lib/gcc/avr/4.3.3/../../../../avr/lib/avr6\libm.a(fp_cmp.o)
                0x0000fd72                __fp_cmp
 .text.fplib    0x0000fdba        0xc c:/users/littwin/documents/arduino/codeblocks/bin/../lib/gcc/avr/4.3.3/../../../../avr/lib/avr6\libm.a(fp_inf.o)
                0x0000fdba                __fp_inf
 .text.fplib    0x0000fdc6       0x36 c:/users/littwin/documents/arduino/codeblocks/bin/../lib/gcc/avr/4.3.3/../../../../avr/lib/avr6\libm.a(fp_mintl.o)
                0x0000fdc6                __fp_mintl
 .text.fplib    0x0000fdfc       0x20 c:/users/littwin/documents/arduino/codeblocks/bin/../lib/gcc/avr/4.3.3/../../../../avr/lib/avr6\libm.a(fp_mpack.o)
                0x0000fdfc                __fp_mpack
 .text.fplib    0x0000fe1c        0x6 c:/users/littwin/documents/arduino/codeblocks/bin/../lib/gcc/avr/4.3.3/../../../../avr/lib/avr6\libm.a(fp_nan.o)
                0x0000fe1c                __fp_nan
 .text.fplib    0x0000fe22       0x4a c:/users/littwin/documents/arduino/codeblocks/bin/../lib/gcc/avr/4.3.3/../../../../avr/lib/avr6\libm.a(fp_powser.o)
                0x0000fe22                __fp_powser
 .text.fplib    0x0000fe6c        0xe c:/users/littwin/documents/arduino/codeblocks/bin/../lib/gcc/avr/4.3.3/../../../../avr/lib/avr6\libm.a(fp_pscA.o)
                0x0000fe6c                __fp_pscA
 .text.fplib    0x0000fe7a        0xe c:/users/littwin/documents/arduino/codeblocks/bin/../lib/gcc/avr/4.3.3/../../../../avr/lib/avr6\libm.a(fp_pscB.o)
                0x0000fe7a                __fp_pscB
 .text.fplib    0x0000fe88       0x62 c:/users/littwin/documents/arduino/codeblocks/bin/../lib/gcc/avr/4.3.3/../../../../avr/lib/avr6\libm.a(fp_rempio2.o)
                0x0000fe8a                __fp_rempio2
 .text.fplib    0x0000feea       0x22 c:/users/littwin/documents/arduino/codeblocks/bin/../lib/gcc/avr/4.3.3/../../../../avr/lib/avr6\libm.a(fp_round.o)
                0x0000feea                __fp_round
 .text.fplib    0x0000ff0c       0x22 c:/users/littwin/documents/arduino/codeblocks/bin/../lib/gcc/avr/4.3.3/../../../../avr/lib/avr6\libm.a(fp_sinus.o)
                0x0000ff0c                __fp_sinus
 .text.fplib    0x0000ff2e       0x44 c:/users/littwin/documents/arduino/codeblocks/bin/../lib/gcc/avr/4.3.3/../../../../avr/lib/avr6\libm.a(fp_split3.o)
                0x0000ff2e                __fp_split3
                0x0000ff3e                __fp_splitA
 .text.fplib    0x0000ff72       0x2e c:/users/littwin/documents/arduino/codeblocks/bin/../lib/gcc/avr/4.3.3/../../../../avr/lib/avr6\libm.a(fp_trunc.o)
                0x0000ff72                __fp_trunc
 .text.fplib    0x0000ffa0        0xe c:/users/littwin/documents/arduino/codeblocks/bin/../lib/gcc/avr/4.3.3/../../../../avr/lib/avr6\libm.a(fp_zero.o)
                0x0000ffa0                __fp_zero
                0x0000ffa2                __fp_szero
 .text.fplib    0x0000ffae        0x8 c:/users/littwin/documents/arduino/codeblocks/bin/../lib/gcc/avr/4.3.3/../../../../avr/lib/avr6\libm.a(gesf2.o)
                0x0000ffae                __gtsf2
                0x0000ffae                __gesf2
 .text.fplib    0x0000ffb6       0xc2 c:/users/littwin/documents/arduino/codeblocks/bin/../lib/gcc/avr/4.3.3/../../../../avr/lib/avr6\libm.a(hypot.o)
                0x0000ffc8                hypot
 .text.fplib    0x00010078        0xe c:/users/littwin/documents/arduino/codeblocks/bin/../lib/gcc/avr/4.3.3/../../../../avr/lib/avr6\libm.a(inverse.o)
                0x00010078                inverse
 .text.fplib    0x00010086       0x6c c:/users/littwin/documents/arduino/codeblocks/bin/../lib/gcc/avr/4.3.3/../../../../avr/lib/avr6\libm.a(ldexp.o)
                0x0001008a                ldexp
 .text.fplib    0x000100f2        0x4 c:/users/littwin/documents/arduino/codeblocks/bin/../lib/gcc/avr/4.3.3/../../../../avr/lib/avr6\libm.a(mulsf3.o)
                0x000100f2                __mulsf3
 .text.fplib    0x000100f6       0xc2 c:/users/littwin/documents/arduino/codeblocks/bin/../lib/gcc/avr/4.3.3/../../../../avr/lib/avr6\libm.a(mulsf3x.o)
                0x0001010e                __mulsf3_pse
                0x0001010a                __mulsf3x
 .text.fplib    0x000101b8        0xc c:/users/littwin/documents/arduino/codeblocks/bin/../lib/gcc/avr/4.3.3/../../../../avr/lib/avr6\libm.a(sin.o)
                0x000101b8                sin
 .text.fplib    0x000101c4       0x9c c:/users/littwin/documents/arduino/codeblocks/bin/../lib/gcc/avr/4.3.3/../../../../avr/lib/avr6\libm.a(sqrt.o)
                0x000101cc                sqrt
 .text.fplib    0x00010260        0x6 c:/users/littwin/documents/arduino/codeblocks/bin/../lib/gcc/avr/4.3.3/../../../../avr/lib/avr6\libm.a(square.o)
                0x00010260                square
 .text.fplib    0x00010266        0x8 c:/users/littwin/documents/arduino/codeblocks/bin/../lib/gcc/avr/4.3.3/../../../../avr/lib/avr6\libm.a(unordsf2.o)
                0x00010266                __unordsf2
 .text.fplib    0x0001026e        0xe c:/users/littwin/documents/arduino/codeblocks/bin/../lib/gcc/avr/4.3.3/../../../../avr/lib/avr6\libm.a(fp_norm2.o)
                0x0001026e                __fp_norm2
 .text.fplib    0x0001027c       0x22 c:/users/littwin/documents/arduino/codeblocks/bin/../lib/gcc/avr/4.3.3/../../../../avr/lib/avr6\libm.a(fp_powsodd.o)
                0x0001027c                __fp_powsodd
 .text.libgcc   0x0001029e       0x3e c:/users/littwin/documents/arduino/codeblocks/bin/../lib/gcc/avr/4.3.3/avr6\libgcc.a(_mulsi3.o)
                0x0001029e                __mulsi3
 .text.libgcc   0x000102dc       0x28 c:/users/littwin/documents/arduino/codeblocks/bin/../lib/gcc/avr/4.3.3/avr6\libgcc.a(_udivmodhi4.o)
                0x000102dc                __udivmodhi4
 .text.libgcc   0x00010304       0x44 c:/users/littwin/documents/arduino/codeblocks/bin/../lib/gcc/avr/4.3.3/avr6\libgcc.a(_udivmodsi4.o)
                0x00010304                __udivmodsi4
 .text.libgcc   0x00010348       0x36 c:/users/littwin/documents/arduino/codeblocks/bin/../lib/gcc/avr/4.3.3/avr6\libgcc.a(_divmodsi4.o)
                0x00010348                __divmodsi4
 .text.libgcc   0x0001037e        0xc c:/users/littwin/documents/arduino/codeblocks/bin/../lib/gcc/avr/4.3.3/avr6\libgcc.a(_tablejump.o)
                0x00010382                __tablejump__
                0x0001037e                __tablejump2__
 .text.ctype    0x0001038a       0x10 c:/users/littwin/documents/arduino/codeblocks/bin/../lib/gcc/avr/4.3.3/../../../../avr/lib/avr6\libc.a(isspace.o)
                0x0001038a                isspace
 .text.ctype    0x0001039a        0x6 c:/users/littwin/documents/arduino/codeblocks/bin/../lib/gcc/avr/4.3.3/../../../../avr/lib/avr6\libc.a(cty_isfalse.o)
                0x0001039e                __ctype_istrue
                0x0001039a                __ctype_isfalse
 .text.libgcc   0x000103a0       0x38 c:/users/littwin/documents/arduino/codeblocks/bin/../lib/gcc/avr/4.3.3/avr6\libgcc.a(_prologue.o)
                0x000103a0                __prologue_saves__
 .text.libgcc   0x000103d8       0x36 c:/users/littwin/documents/arduino/codeblocks/bin/../lib/gcc/avr/4.3.3/avr6\libgcc.a(_epilogue.o)
                0x000103d8                __epilogue_restores__
                0x0001040e                . = ALIGN (0x2)
 *(.fini9)
 .fini9         0x0001040e        0x0 c:/users/littwin/documents/arduino/codeblocks/bin/../lib/gcc/avr/4.3.3/avr6\libgcc.a(_exit.o)
                0x0001040e                exit
                0x0001040e                _exit
 *(.fini9)
 *(.fini8)
 *(.fini8)
 *(.fini7)
 *(.fini7)
 *(.fini6)
 *(.fini6)
 *(.fini5)
 *(.fini5)
 *(.fini4)
 *(.fini4)
 *(.fini3)
 *(.fini3)
 *(.fini2)
 *(.fini2)
 *(.fini1)
 *(.fini1)
 *(.fini0)
 .fini0         0x0001040e        0x4 c:/users/littwin/documents/arduino/codeblocks/bin/../lib/gcc/avr/4.3.3/avr6\libgcc.a(_exit.o)
 *(.fini0)
                0x00010412                _etext = .

.data           0x00800200      0x134 load address 0x00010412
                0x00800200                PROVIDE (__data_start, .)
 *(.data)
 .data          0x00800200        0xe .objs\cores\Print.o
 *(.data*)
 .data.extruder
                0x0080020e       0x6f .objs\Extruder.o
                0x0080020e                extruder
 .data.heatedBedController
                0x0080027d       0x40 .objs\Extruder.o
                0x0080027d                heatedBedController
 .data.tempController
                0x008002bd        0x4 .objs\Extruder.o
                0x008002bd                tempController
 .data.manage_monitor
                0x008002c1        0x1 .objs\Extruder.o
                0x008002c1                manage_monitor
 .data.counter_250ms
                0x008002c2        0x1 .objs\Extruder.o
                0x008002c2                counter_250ms
 .data.autotuneIndex
                0x008002c3        0x1 .objs\Extruder.o
                0x008002c3                autotuneIndex
 .data.gcode_wait_resend
                0x008002c4        0x1 .objs\gcode.o
                0x008002c4                gcode_wait_resend
 .data.axis_steps_per_unit
                0x008002c5       0x10 .objs\Repetier.o
                0x008002c5                axis_steps_per_unit
 .data.max_feedrate
                0x008002d5       0x10 .objs\Repetier.o
                0x008002d5                max_feedrate
 .data.homing_feedrate
                0x008002e5        0xc .objs\Repetier.o
                0x008002e5                homing_feedrate
 .data.max_acceleration_units_per_sq_second
                0x008002f1       0x10 .objs\Repetier.o
                0x008002f1                max_acceleration_units_per_sq_second
 .data.max_travel_acceleration_units_per_sq_second
                0x00800301       0x10 .objs\Repetier.o
                0x00800301                max_travel_acceleration_units_per_sq_second
 .data.debug_level
                0x00800311        0x1 .objs\Repetier.o
                0x00800311                debug_level
 .data.stepper_inactive_time
                0x00800312        0x4 .objs\Repetier.o
                0x00800312                stepper_inactive_time
 .data.baudrate
                0x00800316        0x4 .objs\Repetier.o
                0x00800316                baudrate
 .data.lastblk  0x0080031a        0x2 .objs\Repetier.o
                0x0080031a                lastblk
 *(.rodata)
 *(.rodata*)
 .rodata._ZTV12SerialOutput
                0x0080031c        0x8 .objs\gcode.o
                0x0080031c                vtable for SerialOutput
 .rodata._ZTV16RFHardwareSerial
                0x00800324       0x10 .objs\gcode.o
                0x00800324                vtable for RFHardwareSerial
 *(.gnu.linkonce.d*)
                0x00800334                . = ALIGN (0x2)
                0x00800334                _edata = .
                0x00800334                PROVIDE (__data_end, .)

.bss            0x00800334      0xa9a
                0x00800334                PROVIDE (__bss_start, .)
 *(.bss)
 *(.bss*)
 .bss.intFunc   0x00800334       0x10 .objs\cores\WInterrupts.o
 .bss.timer0_overflow_count
                0x00800344        0x4 .objs\cores\wiring.o
                0x00800344                timer0_overflow_count
 .bss.timer0_millis
                0x00800348        0x4 .objs\cores\wiring.o
                0x00800348                timer0_millis
 .bss.timer0_fract
                0x0080034c        0x1 .objs\cores\wiring.o
 .bss.current_extruder
                0x0080034d        0x2 .objs\Extruder.o
                0x0080034d                current_extruder
 .bss.counter_periodical
                0x0080034f        0x2 .objs\Extruder.o
                0x0080034f                counter_periodical
 .bss.execute_periodical
                0x00800351        0x1 .objs\Extruder.o
                0x00800351                execute_periodical
 .bss.osAnalogInputCounter
                0x00800352        0x2 .objs\Extruder.o
                0x00800352                osAnalogInputCounter
 .bss.osAnalogInputBuildup
                0x00800354        0x4 .objs\Extruder.o
                0x00800354                osAnalogInputBuildup
 .bss.osAnalogInputPos
                0x00800358        0x1 .objs\Extruder.o
                0x00800358                osAnalogInputPos
 .bss.osAnalogInputValues
                0x00800359        0x4 .objs\Extruder.o
                0x00800359                osAnalogInputValues
 .bss.gcode_buffer
                0x0080035d       0x6a .objs\gcode.o
                0x0080035d                gcode_buffer
 .bss.gcode_rindex
                0x008003c7        0x1 .objs\gcode.o
                0x008003c7                gcode_rindex
 .bss.gcode_windex
                0x008003c8        0x1 .objs\gcode.o
                0x008003c8                gcode_windex
 .bss.gcode_transbuffer
                0x008003c9       0x60 .objs\gcode.o
                0x008003c9                gcode_transbuffer
 .bss.gcode_wpos
                0x00800429        0x1 .objs\gcode.o
                0x00800429                gcode_wpos
 .bss.gcode_binary
                0x0080042a        0x1 .objs\gcode.o
                0x0080042a                gcode_binary
 .bss.gcode_last_binary
                0x0080042b        0x1 .objs\gcode.o
                0x0080042b                gcode_last_binary
 .bss.gcode_comment
                0x0080042c        0x1 .objs\gcode.o
                0x0080042c                gcode_comment
 .bss.gcode_binary_size
                0x0080042d        0x1 .objs\gcode.o
                0x0080042d                gcode_binary_size
 .bss.gcode_wait_all_parsed
                0x0080042e        0x1 .objs\gcode.o
                0x0080042e                gcode_wait_all_parsed
 .bss.gcode_lastN
                0x0080042f        0x4 .objs\gcode.o
                0x0080042f                gcode_lastN
 .bss.gcode_actN
                0x00800433        0x4 .objs\gcode.o
                0x00800433                gcode_actN
 .bss.gcode_buflen
                0x00800437        0x1 .objs\gcode.o
                0x00800437                gcode_buflen
 .bss.gcode_lastdata
                0x00800438        0x4 .objs\gcode.o
                0x00800438                gcode_lastdata
 .bss.out       0x0080043c        0x4 .objs\gcode.o
                0x0080043c                out
 .bss.rx_buffer
                0x00800440       0x84 .objs\gcode.o
                0x00800440                rx_buffer
 .bss.tx_buffer
                0x008004c4       0x84 .objs\gcode.o
                0x008004c4                tx_buffer
 .bss.RFSerial  0x00800548       0x17 .objs\gcode.o
                0x00800548                RFSerial
 .bss.unit_inches
                0x0080055f        0x1 .objs\Repetier.o
                0x0080055f                unit_inches
 .bss.inv_axis_steps_per_unit
                0x00800560       0x10 .objs\Repetier.o
                0x00800560                inv_axis_steps_per_unit
 .bss.axis_steps_per_sqr_second
                0x00800570       0x10 .objs\Repetier.o
                0x00800570                axis_steps_per_sqr_second
 .bss.axis_travel_steps_per_sqr_second
                0x00800580       0x10 .objs\Repetier.o
                0x00800580                axis_travel_steps_per_sqr_second
 .bss.printer   0x00800590       0xbf .objs\Repetier.o
                0x00800590                printer
 .bss.relative_mode
                0x0080064f        0x1 .objs\Repetier.o
                0x0080064f                relative_mode
 .bss.relative_mode_e
                0x00800650        0x1 .objs\Repetier.o
                0x00800650                relative_mode_e
 .bss.previous_millis_cmd
                0x00800651        0x4 .objs\Repetier.o
                0x00800651                previous_millis_cmd
 .bss.max_inactive_time
                0x00800655        0x4 .objs\Repetier.o
                0x00800655                max_inactive_time
 .bss.lines     0x00800659      0x750 .objs\Repetier.o
                0x00800659                lines
 .bss.cur       0x00800da9        0x2 .objs\Repetier.o
                0x00800da9                cur
 .bss.lines_write_pos
                0x00800dab        0x1 .objs\Repetier.o
                0x00800dab                lines_write_pos
 .bss.lines_count
                0x00800dac        0x1 .objs\Repetier.o
                0x00800dac                lines_count
 .bss.lines_pos
                0x00800dad        0x1 .objs\Repetier.o
                0x00800dad                lines_pos
 .bss.maxadv2   0x00800dae        0x2 .objs\Repetier.o
                0x00800dae                maxadv2
 .bss.maxadvspeed
                0x00800db0        0x4 .objs\Repetier.o
                0x00800db0                maxadvspeed
 .bss.pwm_pos   0x00800db4        0x4 .objs\Repetier.o
                0x00800db4                pwm_pos
 .bss.waitRelax
                0x00800db8        0x2 .objs\Repetier.o
                0x00800db8                waitRelax
 .bss.printmoveSeen
                0x00800dba        0x1 .objs\Repetier.o
                0x00800dba                printmoveSeen
 .bss.cur_errupd
                0x00800dbb        0x4 .objs\Repetier.o
                0x00800dbb                cur_errupd
 .bss.resetFunc
                0x00800dbf        0x2 .objs\Repetier.o
                0x00800dbf                resetFunc
 .bss.stepperWait
                0x00800dc1        0x4 .objs\Repetier.o
                0x00800dc1                stepperWait
 .bss.insideTimer1
                0x00800dc5        0x1 .objs\Repetier.o
                0x00800dc5                insideTimer1
 .bss.extruder_last_dir
                0x00800dc6        0x1 .objs\Repetier.o
                0x00800dc6                extruder_last_dir
 .bss._ZZ11__vector_22E11pwm_pos_set
                0x00800dc7        0x4 .objs\Repetier.o
 .bss._ZZ11__vector_22E9pwm_count
                0x00800dcb        0x1 .objs\Repetier.o
 *(COMMON)
 COMMON         0x00800dcc        0x2 c:/users/littwin/documents/arduino/codeblocks/bin/../lib/gcc/avr/4.3.3/../../../../avr/lib/avr6\libc.a(errno.o)
                0x00800dcc                errno
                0x00800dce                PROVIDE (__bss_end, .)
                0x00010412                __data_load_start = LOADADDR (.data)
                0x00010546                __data_load_end = (__data_load_start + SIZEOF (.data))

.noinit         0x00800dce        0x0
                0x00800dce                PROVIDE (__noinit_start, .)
 *(.noinit*)
                0x00800dce                PROVIDE (__noinit_end, .)
                0x00800dce                _end = .
                0x00800dce                PROVIDE (__heap_start, .)

.eeprom         0x00810000        0x0
 *(.eeprom*)
                0x00810000                __eeprom_end = .

.fuse
 *(.fuse)
 *(.lfuse)
 *(.hfuse)
 *(.efuse)

.lock
 *(.lock*)

.signature
 *(.signature*)

.stab
 *(.stab)

.stabstr
 *(.stabstr)

.stab.excl
 *(.stab.excl)

.stab.exclstr
 *(.stab.exclstr)

.stab.index
 *(.stab.index)

.stab.indexstr
 *(.stab.indexstr)

.comment
 *(.comment)

.debug
 *(.debug)

.line
 *(.line)

.debug_srcinfo
 *(.debug_srcinfo)

.debug_sfnames
 *(.debug_sfnames)

.debug_aranges
 *(.debug_aranges)

.debug_pubnames
 *(.debug_pubnames)

.debug_info
 *(.debug_info)
 *(.gnu.linkonce.wi.*)

.debug_abbrev
 *(.debug_abbrev)

.debug_line
 *(.debug_line)

.debug_frame
 *(.debug_frame)

.debug_str
 *(.debug_str)

.debug_loc
 *(.debug_loc)

.debug_macinfo
 *(.debug_macinfo)
OUTPUT(bin\Release\Repetier_mega2560_.elf elf32-avr)
LOAD linker stubs

Cross Reference Table

Symbol                                            File
CPUDivU2(unsigned int)                            .objs\Repetier.o
HAL::HAL()                                        .objs\HAL.o
HAL::HAL()                                        .objs\HAL.o
HAL::~HAL()                                       .objs\HAL.o
HAL::~HAL()                                       .objs\HAL.o
HAL::~HAL()                                       .objs\HAL.o
Print::print(Printable const&)                    .objs\cores\Print.o
Print::print(String const&)                       .objs\cores\Print.o
Print::print(__FlashStringHelper const*)          .objs\cores\Print.o
Print::print(char const*)                         .objs\cores\Print.o
                                                  .objs\gcode.o
Print::print(char)                                .objs\cores\Print.o
                                                  .objs\motion.o
                                                  .objs\gcode.o
                                                  .objs\Eeprom.o
Print::print(double, int)                         .objs\cores\Print.o
                                                  .objs\Eeprom.o
Print::print(int, int)                            .objs\cores\Print.o
                                                  .objs\gcode.o
                                                  .objs\Eeprom.o
Print::print(long, int)                           .objs\cores\Print.o
                                                  .objs\motion.o
                                                  .objs\gcode.o
                                                  .objs\Eeprom.o
Print::print(unsigned char, int)                  .objs\cores\Print.o
Print::print(unsigned int, int)                   .objs\cores\Print.o
                                                  .objs\Eeprom.o
Print::print(unsigned long, int)                  .objs\cores\Print.o
                                                  .objs\gcode.o
Print::printFloat(double, unsigned char)          .objs\cores\Print.o
Print::printNumber(unsigned long, unsigned char)  .objs\cores\Print.o
Print::println()                                  .objs\cores\Print.o
                                                  .objs\motion.o
                                                  .objs\gcode.o
                                                  .objs\Commands.o
Print::println(Printable const&)                  .objs\cores\Print.o
Print::println(String const&)                     .objs\cores\Print.o
Print::println(__FlashStringHelper const*)        .objs\cores\Print.o
Print::println(char const*)                       .objs\cores\Print.o
Print::println(char)                              .objs\cores\Print.o
Print::println(double, int)                       .objs\cores\Print.o
Print::println(int, int)                          .objs\cores\Print.o
                                                  .objs\gcode.o
Print::println(long, int)                         .objs\cores\Print.o
                                                  .objs\gcode.o
Print::println(unsigned char, int)                .objs\cores\Print.o
Print::println(unsigned int, int)                 .objs\cores\Print.o
Print::println(unsigned long, int)                .objs\cores\Print.o
Print::write(char const*)                         .objs\cores\Print.o
Print::write(unsigned char const*, unsigned int)  .objs\cores\Print.o
                                                  .objs\gcode.o
RFHardwareSerial::RFHardwareSerial(ring_buffer*, ring_buffer*, unsigned char volatile*, unsigned char volatile*, unsigned char volatile*, unsigned char volatile*, unsigned char volatile*, unsigned char, unsigned char, unsigned char, unsigned char, unsigned char) .objs\gcode.o
RFHardwareSerial::RFHardwareSerial(ring_buffer*, ring_buffer*, unsigned char volatile*, unsigned char volatile*, unsigned char volatile*, unsigned char volatile*, unsigned char volatile*, unsigned char, unsigned char, unsigned char, unsigned char, unsigned char) .objs\gcode.o
RFHardwareSerial::available()                     .objs\gcode.o
RFHardwareSerial::begin(unsigned long)            .objs\gcode.o
                                                  .objs\Repetier.o
RFHardwareSerial::end()                           .objs\gcode.o
RFHardwareSerial::flush()                         .objs\gcode.o
RFHardwareSerial::peek()                          .objs\gcode.o
RFHardwareSerial::read()                          .objs\gcode.o
RFHardwareSerial::write(unsigned char)            .objs\gcode.o
RFSerial                                          .objs\gcode.o
                                                  .objs\Repetier.o
STEP_PIN                                          .objs\Repetier.o
SerialOutput::SerialOutput()                      .objs\gcode.o
SerialOutput::SerialOutput()                      .objs\gcode.o
SerialOutput::printFloat(double, unsigned char)   .objs\gcode.o
SerialOutput::print_P(char const*)                .objs\gcode.o
                                                  .objs\motion.o
                                                  .objs\Extruder.o
                                                  .objs\Eeprom.o
                                                  .objs\Commands.o
SerialOutput::print_error_P(char const*, bool)    .objs\gcode.o
SerialOutput::print_float_P(char const*, float, unsigned char) .objs\gcode.o
                                                  .objs\motion.o
                                                  .objs\Extruder.o
                                                  .objs\Commands.o
SerialOutput::print_int_P(char const*, int)       .objs\gcode.o
                                                  .objs\Extruder.o
                                                  .objs\Eeprom.o
                                                  .objs\Commands.o
SerialOutput::print_long_P(char const*, long)     .objs\gcode.o
                                                  .objs\Extruder.o
                                                  .objs\Commands.o
SerialOutput::println_P(char const*)              .objs\gcode.o
                                                  .objs\Repetier.o
                                                  .objs\motion.o
                                                  .objs\Extruder.o
                                                  .objs\Eeprom.o
                                                  .objs\Commands.o
SerialOutput::println_float_P(char const*, float, unsigned char) .objs\gcode.o
                                                  .objs\motion.o
                                                  .objs\Extruder.o
                                                  .objs\Eeprom.o
                                                  .objs\Commands.o
SerialOutput::println_int_P(char const*, int)     .objs\gcode.o
                                                  .objs\Repetier.o
                                                  .objs\motion.o
                                                  .objs\Extruder.o
                                                  .objs\Commands.o
SerialOutput::println_long_P(char const*, long)   .objs\gcode.o
                                                  .objs\motion.o
SerialOutput::write(unsigned char)                .objs\gcode.o
Stream::find(char*)                               .objs\cores\Stream.o
Stream::find(char*, unsigned int)                 .objs\cores\Stream.o
Stream::findUntil(char*, char*)                   .objs\cores\Stream.o
Stream::findUntil(char*, unsigned int, char*, unsigned int) .objs\cores\Stream.o
Stream::parseFloat()                              .objs\cores\Stream.o
Stream::parseFloat(char)                          .objs\cores\Stream.o
Stream::parseInt()                                .objs\cores\Stream.o
Stream::parseInt(char)                            .objs\cores\Stream.o
Stream::peekNextDigit()                           .objs\cores\Stream.o
Stream::readBytes(char*, unsigned int)            .objs\cores\Stream.o
Stream::readBytesUntil(char, char*, unsigned int) .objs\cores\Stream.o
Stream::readString()                              .objs\cores\Stream.o
Stream::readStringUntil(char)                     .objs\cores\Stream.o
Stream::setTimeout(unsigned long)                 .objs\cores\Stream.o
Stream::timedPeek()                               .objs\cores\Stream.o
Stream::timedRead()                               .objs\cores\Stream.o
String::String(String const&)                     .objs\cores\WString.o
String::String(String const&)                     .objs\cores\WString.o
String::String(char const*)                       .objs\cores\WString.o
String::String(char const*)                       .objs\cores\WString.o
                                                  .objs\cores\Stream.o
String::String(char)                              .objs\cores\WString.o
String::String(char)                              .objs\cores\WString.o
String::String(int, unsigned char)                .objs\cores\WString.o
String::String(int, unsigned char)                .objs\cores\WString.o
String::String(long, unsigned char)               .objs\cores\WString.o
String::String(long, unsigned char)               .objs\cores\WString.o
String::String(unsigned char, unsigned char)      .objs\cores\WString.o
String::String(unsigned char, unsigned char)      .objs\cores\WString.o
String::String(unsigned int, unsigned char)       .objs\cores\WString.o
String::String(unsigned int, unsigned char)       .objs\cores\WString.o
String::String(unsigned long, unsigned char)      .objs\cores\WString.o
String::String(unsigned long, unsigned char)      .objs\cores\WString.o
String::changeBuffer(unsigned int)                .objs\cores\WString.o
String::charAt(unsigned int) const                .objs\cores\WString.o
String::compareTo(String const&) const            .objs\cores\WString.o
String::concat(String const&)                     .objs\cores\WString.o
String::concat(char const*)                       .objs\cores\WString.o
String::concat(char const*, unsigned int)         .objs\cores\WString.o
String::concat(char)                              .objs\cores\WString.o
                                                  .objs\cores\Stream.o
String::concat(int)                               .objs\cores\WString.o
String::concat(long)                              .objs\cores\WString.o
String::concat(unsigned char)                     .objs\cores\WString.o
String::concat(unsigned int)                      .objs\cores\WString.o
String::concat(unsigned long)                     .objs\cores\WString.o
String::copy(char const*, unsigned int)           .objs\cores\WString.o
String::endsWith(String const&) const             .objs\cores\WString.o
String::equals(String const&) const               .objs\cores\WString.o
String::equals(char const*) const                 .objs\cores\WString.o
String::equalsIgnoreCase(String const&) const     .objs\cores\WString.o
String::getBytes(unsigned char*, unsigned int, unsigned int) const .objs\cores\WString.o
String::indexOf(String const&) const              .objs\cores\WString.o
String::indexOf(String const&, unsigned int) const .objs\cores\WString.o
String::indexOf(char) const                       .objs\cores\WString.o
String::indexOf(char, unsigned int) const         .objs\cores\WString.o
String::invalidate()                              .objs\cores\WString.o
String::lastIndexOf(String const&) const          .objs\cores\WString.o
String::lastIndexOf(String const&, unsigned int) const .objs\cores\WString.o
String::lastIndexOf(char) const                   .objs\cores\WString.o
String::lastIndexOf(char, unsigned int) const     .objs\cores\WString.o
String::operator<(String const&) const            .objs\cores\WString.o
String::operator<=(String const&) const           .objs\cores\WString.o
String::operator=(String const&)                  .objs\cores\WString.o
String::operator=(char const*)                    .objs\cores\WString.o
String::operator>(String const&) const            .objs\cores\WString.o
String::operator>=(String const&) const           .objs\cores\WString.o
String::operator[](unsigned int)                  .objs\cores\WString.o
String::operator[](unsigned int) const            .objs\cores\WString.o
                                                  .objs\cores\Print.o
String::replace(String const&, String const&)     .objs\cores\WString.o
String::replace(char, char)                       .objs\cores\WString.o
String::reserve(unsigned int)                     .objs\cores\WString.o
String::setCharAt(unsigned int, char)             .objs\cores\WString.o
String::startsWith(String const&) const           .objs\cores\WString.o
String::startsWith(String const&, unsigned int) const .objs\cores\WString.o
String::substring(unsigned int) const             .objs\cores\WString.o
String::substring(unsigned int, unsigned int) const .objs\cores\WString.o
String::toInt() const                             .objs\cores\WString.o
String::toLowerCase()                             .objs\cores\WString.o
String::toUpperCase()                             .objs\cores\WString.o
String::trim()                                    .objs\cores\WString.o
String::~String()                                 .objs\cores\WString.o
String::~String()                                 .objs\cores\WString.o
__addsf3                                          c:/users/littwin/documents/arduino/codeblocks/bin/../lib/gcc/avr/4.3.3/../../../../avr/lib/avr6\libm.a(addsf3.o)
                                                  c:/users/littwin/documents/arduino/codeblocks/bin/../lib/gcc/avr/4.3.3/../../../../avr/lib/avr6\libm.a(atan2.o)
                                                  .objs\Repetier.o
                                                  .objs\motion.o
                                                  .objs\gcode.o
                                                  .objs\Extruder.o
                                                  .objs\Eeprom.o
                                                  .objs\cores\Print.o
                                                  .objs\Commands.o
__addsf3x                                         c:/users/littwin/documents/arduino/codeblocks/bin/../lib/gcc/avr/4.3.3/../../../../avr/lib/avr6\libm.a(addsf3x.o)
                                                  c:/users/littwin/documents/arduino/codeblocks/bin/../lib/gcc/avr/4.3.3/../../../../avr/lib/avr6\libm.a(hypot.o)
                                                  c:/users/littwin/documents/arduino/codeblocks/bin/../lib/gcc/avr/4.3.3/../../../../avr/lib/avr6\libm.a(fp_sinus.o)
                                                  c:/users/littwin/documents/arduino/codeblocks/bin/../lib/gcc/avr/4.3.3/../../../../avr/lib/avr6\libm.a(fp_powser.o)
                                                  c:/users/littwin/documents/arduino/codeblocks/bin/../lib/gcc/avr/4.3.3/../../../../avr/lib/avr6\libm.a(atan.o)
                                                  c:/users/littwin/documents/arduino/codeblocks/bin/../lib/gcc/avr/4.3.3/../../../../avr/lib/avr6\libm.a(addsf3.o)
__bad_interrupt                                   c:/users/littwin/documents/arduino/codeblocks/bin/../lib/gcc/avr/4.3.3/../../../../avr/lib/avr6/crtm2560.o
__brkval                                          c:/users/littwin/documents/arduino/codeblocks/bin/../lib/gcc/avr/4.3.3/../../../../avr/lib/avr6\libc.a(realloc.o)
                                                  c:/users/littwin/documents/arduino/codeblocks/bin/../lib/gcc/avr/4.3.3/../../../../avr/lib/avr6\libc.a(malloc.o)
__bss_end                                         c:/users/littwin/documents/arduino/codeblocks/bin/../lib/gcc/avr/4.3.3/avr6\libgcc.a(_clear_bss.o)
__bss_start                                       c:/users/littwin/documents/arduino/codeblocks/bin/../lib/gcc/avr/4.3.3/avr6\libgcc.a(_clear_bss.o)
__cmpsf2                                          c:/users/littwin/documents/arduino/codeblocks/bin/../lib/gcc/avr/4.3.3/../../../../avr/lib/avr6\libm.a(cmpsf2.o)
__ctors_end                                       c:/users/littwin/documents/arduino/codeblocks/bin/../lib/gcc/avr/4.3.3/avr6\libgcc.a(_ctors.o)
__ctors_start                                     c:/users/littwin/documents/arduino/codeblocks/bin/../lib/gcc/avr/4.3.3/avr6\libgcc.a(_ctors.o)
__ctype_isfalse                                   c:/users/littwin/documents/arduino/codeblocks/bin/../lib/gcc/avr/4.3.3/../../../../avr/lib/avr6\libc.a(cty_isfalse.o)
                                                  c:/users/littwin/documents/arduino/codeblocks/bin/../lib/gcc/avr/4.3.3/../../../../avr/lib/avr6\libc.a(isspace.o)
__ctype_istrue                                    c:/users/littwin/documents/arduino/codeblocks/bin/../lib/gcc/avr/4.3.3/../../../../avr/lib/avr6\libc.a(cty_isfalse.o)
__cxa_pure_virtual                                .objs\gcode.o
                                                  .objs\cores\Print.o
__data_end                                        c:/users/littwin/documents/arduino/codeblocks/bin/../lib/gcc/avr/4.3.3/../../../../avr/lib/avr6/crtm2560.o
__data_load_start                                 c:/users/littwin/documents/arduino/codeblocks/bin/../lib/gcc/avr/4.3.3/../../../../avr/lib/avr6/crtm2560.o
__data_start                                      c:/users/littwin/documents/arduino/codeblocks/bin/../lib/gcc/avr/4.3.3/../../../../avr/lib/avr6/crtm2560.o
__divmodsi4                                       c:/users/littwin/documents/arduino/codeblocks/bin/../lib/gcc/avr/4.3.3/avr6\libgcc.a(_divmodsi4.o)
                                                  c:/users/littwin/documents/arduino/codeblocks/bin/../lib/gcc/avr/4.3.3/../../../../avr/lib/avr6\libc.a(random.o)
                                                  .objs\Extruder.o
                                                  .objs\cores\WMath.o
                                                  .objs\Commands.o
__divsf3                                          c:/users/littwin/documents/arduino/codeblocks/bin/../lib/gcc/avr/4.3.3/../../../../avr/lib/avr6\libm.a(divsf3.o)
                                                  c:/users/littwin/documents/arduino/codeblocks/bin/../lib/gcc/avr/4.3.3/../../../../avr/lib/avr6\libm.a(inverse.o)
                                                  .objs\Repetier.o
                                                  .objs\motion.o
                                                  .objs\gcode.o
                                                  .objs\Extruder.o
                                                  .objs\cores\Print.o
                                                  .objs\Commands.o
__divsf3_pse                                      c:/users/littwin/documents/arduino/codeblocks/bin/../lib/gcc/avr/4.3.3/../../../../avr/lib/avr6\libm.a(divsf3x.o)
                                                  c:/users/littwin/documents/arduino/codeblocks/bin/../lib/gcc/avr/4.3.3/../../../../avr/lib/avr6\libm.a(atan2.o)
__divsf3x                                         c:/users/littwin/documents/arduino/codeblocks/bin/../lib/gcc/avr/4.3.3/../../../../avr/lib/avr6\libm.a(divsf3x.o)
                                                  c:/users/littwin/documents/arduino/codeblocks/bin/../lib/gcc/avr/4.3.3/../../../../avr/lib/avr6\libm.a(divsf3.o)
__do_clear_bss                                    c:/users/littwin/documents/arduino/codeblocks/bin/../lib/gcc/avr/4.3.3/avr6\libgcc.a(_clear_bss.o)
                                                  c:/users/littwin/documents/arduino/codeblocks/bin/../lib/gcc/avr/4.3.3/../../../../avr/lib/avr6\libc.a(errno.o)
                                                  c:/users/littwin/documents/arduino/codeblocks/bin/../lib/gcc/avr/4.3.3/../../../../avr/lib/avr6\libc.a(strtol.o)
                                                  c:/users/littwin/documents/arduino/codeblocks/bin/../lib/gcc/avr/4.3.3/../../../../avr/lib/avr6\libc.a(strtod.o)
                                                  c:/users/littwin/documents/arduino/codeblocks/bin/../lib/gcc/avr/4.3.3/../../../../avr/lib/avr6\libc.a(realloc.o)
                                                  c:/users/littwin/documents/arduino/codeblocks/bin/../lib/gcc/avr/4.3.3/../../../../avr/lib/avr6\libc.a(random.o)
                                                  c:/users/littwin/documents/arduino/codeblocks/bin/../lib/gcc/avr/4.3.3/../../../../avr/lib/avr6\libc.a(malloc.o)
                                                  .objs\ui.o
                                                  .objs\Repetier.o
                                                  .objs\gcode.o
                                                  .objs\Extruder.o
                                                  .objs\cores\WString.o
                                                  .objs\cores\wiring.o
                                                  .objs\cores\WInterrupts.o
__do_copy_data                                    c:/users/littwin/documents/arduino/codeblocks/bin/../lib/gcc/avr/4.3.3/../../../../avr/lib/avr6/crtm2560.o
                                                  c:/users/littwin/documents/arduino/codeblocks/bin/../lib/gcc/avr/4.3.3/../../../../avr/lib/avr6\libc.a(errno.o)
                                                  c:/users/littwin/documents/arduino/codeblocks/bin/../lib/gcc/avr/4.3.3/../../../../avr/lib/avr6\libc.a(strtol.o)
                                                  c:/users/littwin/documents/arduino/codeblocks/bin/../lib/gcc/avr/4.3.3/../../../../avr/lib/avr6\libc.a(strtod.o)
                                                  c:/users/littwin/documents/arduino/codeblocks/bin/../lib/gcc/avr/4.3.3/../../../../avr/lib/avr6\libc.a(realloc.o)
                                                  c:/users/littwin/documents/arduino/codeblocks/bin/../lib/gcc/avr/4.3.3/../../../../avr/lib/avr6\libc.a(random.o)
                                                  c:/users/littwin/documents/arduino/codeblocks/bin/../lib/gcc/avr/4.3.3/../../../../avr/lib/avr6\libc.a(malloc.o)
                                                  .objs\Repetier.o
                                                  .objs\HAL.o
                                                  .objs\gcode.o
                                                  .objs\Extruder.o
                                                  .objs\cores\WString.o
                                                  .objs\cores\wiring_analog.o
                                                  .objs\cores\Stream.o
                                                  .objs\cores\Print.o
__do_global_ctors                                 c:/users/littwin/documents/arduino/codeblocks/bin/../lib/gcc/avr/4.3.3/avr6\libgcc.a(_ctors.o)
                                                  .objs\gcode.o
__epilogue_restores__                             c:/users/littwin/documents/arduino/codeblocks/bin/../lib/gcc/avr/4.3.3/avr6\libgcc.a(_epilogue.o)
                                                  c:/users/littwin/documents/arduino/codeblocks/bin/../lib/gcc/avr/4.3.3/../../../../avr/lib/avr6\libc.a(strtod.o)
                                                  c:/users/littwin/documents/arduino/codeblocks/bin/../lib/gcc/avr/4.3.3/../../../../avr/lib/avr6\libc.a(realloc.o)
                                                  c:/users/littwin/documents/arduino/codeblocks/bin/../lib/gcc/avr/4.3.3/../../../../avr/lib/avr6\libc.a(random.o)
__eqsf2                                           c:/users/littwin/documents/arduino/codeblocks/bin/../lib/gcc/avr/4.3.3/../../../../avr/lib/avr6\libm.a(cmpsf2.o)
                                                  c:/users/littwin/documents/arduino/codeblocks/bin/../lib/gcc/avr/4.3.3/../../../../avr/lib/avr6\libc.a(strtod.o)
                                                  .objs\motion.o
                                                  .objs\Extruder.o
                                                  .objs\Eeprom.o
__fixsfsi                                         c:/users/littwin/documents/arduino/codeblocks/bin/../lib/gcc/avr/4.3.3/../../../../avr/lib/avr6\libm.a(fixsfsi.o)
                                                  .objs\Repetier.o
                                                  .objs\motion.o
                                                  .objs\gcode.o
                                                  .objs\Extruder.o
                                                  .objs\Eeprom.o
                                                  .objs\cores\Print.o
                                                  .objs\Commands.o
__fixunssfsi                                      c:/users/littwin/documents/arduino/codeblocks/bin/../lib/gcc/avr/4.3.3/../../../../avr/lib/avr6\libm.a(fixunssfsi.o)
                                                  c:/users/littwin/documents/arduino/codeblocks/bin/../lib/gcc/avr/4.3.3/../../../../avr/lib/avr6\libm.a(fixsfsi.o)
                                                  .objs\Repetier.o
                                                  .objs\motion.o
                                                  .objs\gcode.o
                                                  .objs\Extruder.o
                                                  .objs\cores\Print.o
                                                  .objs\Commands.o
__floatsisf                                       c:/users/littwin/documents/arduino/codeblocks/bin/../lib/gcc/avr/4.3.3/../../../../avr/lib/avr6\libm.a(floatsisf.o)
                                                  .objs\Repetier.o
                                                  .objs\motion.o
                                                  .objs\gcode.o
                                                  .objs\Extruder.o
                                                  .objs\Eeprom.o
                                                  .objs\cores\Stream.o
                                                  .objs\cores\Print.o
                                                  .objs\Commands.o
__floatunsisf                                     c:/users/littwin/documents/arduino/codeblocks/bin/../lib/gcc/avr/4.3.3/../../../../avr/lib/avr6\libm.a(floatsisf.o)
                                                  c:/users/littwin/documents/arduino/codeblocks/bin/../lib/gcc/avr/4.3.3/../../../../avr/lib/avr6\libc.a(strtod.o)
                                                  .objs\motion.o
                                                  .objs\gcode.o
                                                  .objs\Extruder.o
                                                  .objs\cores\Print.o
__flp                                             c:/users/littwin/documents/arduino/codeblocks/bin/../lib/gcc/avr/4.3.3/../../../../avr/lib/avr6\libc.a(realloc.o)
                                                  c:/users/littwin/documents/arduino/codeblocks/bin/../lib/gcc/avr/4.3.3/../../../../avr/lib/avr6\libc.a(malloc.o)
__fp_cmp                                          c:/users/littwin/documents/arduino/codeblocks/bin/../lib/gcc/avr/4.3.3/../../../../avr/lib/avr6\libm.a(fp_cmp.o)
                                                  c:/users/littwin/documents/arduino/codeblocks/bin/../lib/gcc/avr/4.3.3/../../../../avr/lib/avr6\libm.a(unordsf2.o)
                                                  c:/users/littwin/documents/arduino/codeblocks/bin/../lib/gcc/avr/4.3.3/../../../../avr/lib/avr6\libm.a(gesf2.o)
                                                  c:/users/littwin/documents/arduino/codeblocks/bin/../lib/gcc/avr/4.3.3/../../../../avr/lib/avr6\libm.a(cmpsf2.o)
__fp_inf                                          c:/users/littwin/documents/arduino/codeblocks/bin/../lib/gcc/avr/4.3.3/../../../../avr/lib/avr6\libm.a(fp_inf.o)
                                                  c:/users/littwin/documents/arduino/codeblocks/bin/../lib/gcc/avr/4.3.3/../../../../avr/lib/avr6\libm.a(mulsf3x.o)
                                                  c:/users/littwin/documents/arduino/codeblocks/bin/../lib/gcc/avr/4.3.3/../../../../avr/lib/avr6\libm.a(ldexp.o)
                                                  c:/users/littwin/documents/arduino/codeblocks/bin/../lib/gcc/avr/4.3.3/../../../../avr/lib/avr6\libm.a(hypot.o)
                                                  c:/users/littwin/documents/arduino/codeblocks/bin/../lib/gcc/avr/4.3.3/../../../../avr/lib/avr6\libm.a(divsf3x.o)
                                                  c:/users/littwin/documents/arduino/codeblocks/bin/../lib/gcc/avr/4.3.3/../../../../avr/lib/avr6\libm.a(addsf3x.o)
__fp_mintl                                        c:/users/littwin/documents/arduino/codeblocks/bin/../lib/gcc/avr/4.3.3/../../../../avr/lib/avr6\libm.a(fp_mintl.o)
                                                  c:/users/littwin/documents/arduino/codeblocks/bin/../lib/gcc/avr/4.3.3/../../../../avr/lib/avr6\libm.a(floor.o)
                                                  c:/users/littwin/documents/arduino/codeblocks/bin/../lib/gcc/avr/4.3.3/../../../../avr/lib/avr6\libm.a(ceil.o)
__fp_mpack                                        c:/users/littwin/documents/arduino/codeblocks/bin/../lib/gcc/avr/4.3.3/../../../../avr/lib/avr6\libm.a(fp_mpack.o)
                                                  c:/users/littwin/documents/arduino/codeblocks/bin/../lib/gcc/avr/4.3.3/../../../../avr/lib/avr6\libm.a(sqrt.o)
                                                  c:/users/littwin/documents/arduino/codeblocks/bin/../lib/gcc/avr/4.3.3/../../../../avr/lib/avr6\libm.a(ldexp.o)
                                                  c:/users/littwin/documents/arduino/codeblocks/bin/../lib/gcc/avr/4.3.3/../../../../avr/lib/avr6\libm.a(hypot.o)
                                                  c:/users/littwin/documents/arduino/codeblocks/bin/../lib/gcc/avr/4.3.3/../../../../avr/lib/avr6\libm.a(fp_rempio2.o)
                                                  c:/users/littwin/documents/arduino/codeblocks/bin/../lib/gcc/avr/4.3.3/../../../../avr/lib/avr6\libm.a(floor.o)
                                                  c:/users/littwin/documents/arduino/codeblocks/bin/../lib/gcc/avr/4.3.3/../../../../avr/lib/avr6\libm.a(ceil.o)
__fp_nan                                          c:/users/littwin/documents/arduino/codeblocks/bin/../lib/gcc/avr/4.3.3/../../../../avr/lib/avr6\libm.a(fp_nan.o)
                                                  c:/users/littwin/documents/arduino/codeblocks/bin/../lib/gcc/avr/4.3.3/../../../../avr/lib/avr6\libm.a(sqrt.o)
                                                  c:/users/littwin/documents/arduino/codeblocks/bin/../lib/gcc/avr/4.3.3/../../../../avr/lib/avr6\libm.a(mulsf3x.o)
                                                  c:/users/littwin/documents/arduino/codeblocks/bin/../lib/gcc/avr/4.3.3/../../../../avr/lib/avr6\libm.a(hypot.o)
                                                  c:/users/littwin/documents/arduino/codeblocks/bin/../lib/gcc/avr/4.3.3/../../../../avr/lib/avr6\libm.a(fp_rempio2.o)
                                                  c:/users/littwin/documents/arduino/codeblocks/bin/../lib/gcc/avr/4.3.3/../../../../avr/lib/avr6\libm.a(divsf3x.o)
                                                  c:/users/littwin/documents/arduino/codeblocks/bin/../lib/gcc/avr/4.3.3/../../../../avr/lib/avr6\libm.a(atan2.o)
                                                  c:/users/littwin/documents/arduino/codeblocks/bin/../lib/gcc/avr/4.3.3/../../../../avr/lib/avr6\libm.a(addsf3x.o)
__fp_norm2                                        c:/users/littwin/documents/arduino/codeblocks/bin/../lib/gcc/avr/4.3.3/../../../../avr/lib/avr6\libm.a(fp_norm2.o)
                                                  c:/users/littwin/documents/arduino/codeblocks/bin/../lib/gcc/avr/4.3.3/../../../../avr/lib/avr6\libm.a(sqrt.o)
__fp_powser                                       c:/users/littwin/documents/arduino/codeblocks/bin/../lib/gcc/avr/4.3.3/../../../../avr/lib/avr6\libm.a(fp_powser.o)
                                                  c:/users/littwin/documents/arduino/codeblocks/bin/../lib/gcc/avr/4.3.3/../../../../avr/lib/avr6\libm.a(fp_powsodd.o)
                                                  c:/users/littwin/documents/arduino/codeblocks/bin/../lib/gcc/avr/4.3.3/../../../../avr/lib/avr6\libm.a(atan.o)
__fp_powsodd                                      c:/users/littwin/documents/arduino/codeblocks/bin/../lib/gcc/avr/4.3.3/../../../../avr/lib/avr6\libm.a(fp_powsodd.o)
                                                  c:/users/littwin/documents/arduino/codeblocks/bin/../lib/gcc/avr/4.3.3/../../../../avr/lib/avr6\libm.a(fp_sinus.o)
__fp_pscA                                         c:/users/littwin/documents/arduino/codeblocks/bin/../lib/gcc/avr/4.3.3/../../../../avr/lib/avr6\libm.a(fp_pscA.o)
                                                  c:/users/littwin/documents/arduino/codeblocks/bin/../lib/gcc/avr/4.3.3/../../../../avr/lib/avr6\libm.a(mulsf3x.o)
                                                  c:/users/littwin/documents/arduino/codeblocks/bin/../lib/gcc/avr/4.3.3/../../../../avr/lib/avr6\libm.a(hypot.o)
                                                  c:/users/littwin/documents/arduino/codeblocks/bin/../lib/gcc/avr/4.3.3/../../../../avr/lib/avr6\libm.a(divsf3x.o)
                                                  c:/users/littwin/documents/arduino/codeblocks/bin/../lib/gcc/avr/4.3.3/../../../../avr/lib/avr6\libm.a(atan2.o)
                                                  c:/users/littwin/documents/arduino/codeblocks/bin/../lib/gcc/avr/4.3.3/../../../../avr/lib/avr6\libm.a(addsf3x.o)
__fp_pscB                                         c:/users/littwin/documents/arduino/codeblocks/bin/../lib/gcc/avr/4.3.3/../../../../avr/lib/avr6\libm.a(fp_pscB.o)
                                                  c:/users/littwin/documents/arduino/codeblocks/bin/../lib/gcc/avr/4.3.3/../../../../avr/lib/avr6\libm.a(mulsf3x.o)
                                                  c:/users/littwin/documents/arduino/codeblocks/bin/../lib/gcc/avr/4.3.3/../../../../avr/lib/avr6\libm.a(hypot.o)
                                                  c:/users/littwin/documents/arduino/codeblocks/bin/../lib/gcc/avr/4.3.3/../../../../avr/lib/avr6\libm.a(divsf3x.o)
                                                  c:/users/littwin/documents/arduino/codeblocks/bin/../lib/gcc/avr/4.3.3/../../../../avr/lib/avr6\libm.a(atan2.o)
                                                  c:/users/littwin/documents/arduino/codeblocks/bin/../lib/gcc/avr/4.3.3/../../../../avr/lib/avr6\libm.a(addsf3x.o)
__fp_rempio2                                      c:/users/littwin/documents/arduino/codeblocks/bin/../lib/gcc/avr/4.3.3/../../../../avr/lib/avr6\libm.a(fp_rempio2.o)
                                                  c:/users/littwin/documents/arduino/codeblocks/bin/../lib/gcc/avr/4.3.3/../../../../avr/lib/avr6\libm.a(sin.o)
                                                  c:/users/littwin/documents/arduino/codeblocks/bin/../lib/gcc/avr/4.3.3/../../../../avr/lib/avr6\libm.a(cos.o)
__fp_round                                        c:/users/littwin/documents/arduino/codeblocks/bin/../lib/gcc/avr/4.3.3/../../../../avr/lib/avr6\libm.a(fp_round.o)
                                                  c:/users/littwin/documents/arduino/codeblocks/bin/../lib/gcc/avr/4.3.3/../../../../avr/lib/avr6\libm.a(mulsf3.o)
                                                  c:/users/littwin/documents/arduino/codeblocks/bin/../lib/gcc/avr/4.3.3/../../../../avr/lib/avr6\libm.a(hypot.o)
                                                  c:/users/littwin/documents/arduino/codeblocks/bin/../lib/gcc/avr/4.3.3/../../../../avr/lib/avr6\libm.a(fp_sinus.o)
                                                  c:/users/littwin/documents/arduino/codeblocks/bin/../lib/gcc/avr/4.3.3/../../../../avr/lib/avr6\libm.a(divsf3.o)
                                                  c:/users/littwin/documents/arduino/codeblocks/bin/../lib/gcc/avr/4.3.3/../../../../avr/lib/avr6\libm.a(atan.o)
                                                  c:/users/littwin/documents/arduino/codeblocks/bin/../lib/gcc/avr/4.3.3/../../../../avr/lib/avr6\libm.a(atan2.o)
                                                  c:/users/littwin/documents/arduino/codeblocks/bin/../lib/gcc/avr/4.3.3/../../../../avr/lib/avr6\libm.a(addsf3.o)
__fp_sinus                                        c:/users/littwin/documents/arduino/codeblocks/bin/../lib/gcc/avr/4.3.3/../../../../avr/lib/avr6\libm.a(fp_sinus.o)
                                                  c:/users/littwin/documents/arduino/codeblocks/bin/../lib/gcc/avr/4.3.3/../../../../avr/lib/avr6\libm.a(sin.o)
                                                  c:/users/littwin/documents/arduino/codeblocks/bin/../lib/gcc/avr/4.3.3/../../../../avr/lib/avr6\libm.a(cos.o)
__fp_split3                                       c:/users/littwin/documents/arduino/codeblocks/bin/../lib/gcc/avr/4.3.3/../../../../avr/lib/avr6\libm.a(fp_split3.o)
                                                  c:/users/littwin/documents/arduino/codeblocks/bin/../lib/gcc/avr/4.3.3/../../../../avr/lib/avr6\libm.a(mulsf3x.o)
                                                  c:/users/littwin/documents/arduino/codeblocks/bin/../lib/gcc/avr/4.3.3/../../../../avr/lib/avr6\libm.a(hypot.o)
                                                  c:/users/littwin/documents/arduino/codeblocks/bin/../lib/gcc/avr/4.3.3/../../../../avr/lib/avr6\libm.a(divsf3x.o)
                                                  c:/users/littwin/documents/arduino/codeblocks/bin/../lib/gcc/avr/4.3.3/../../../../avr/lib/avr6\libm.a(atan2.o)
                                                  c:/users/littwin/documents/arduino/codeblocks/bin/../lib/gcc/avr/4.3.3/../../../../avr/lib/avr6\libm.a(addsf3x.o)
__fp_splitA                                       c:/users/littwin/documents/arduino/codeblocks/bin/../lib/gcc/avr/4.3.3/../../../../avr/lib/avr6\libm.a(fp_split3.o)
                                                  c:/users/littwin/documents/arduino/codeblocks/bin/../lib/gcc/avr/4.3.3/../../../../avr/lib/avr6\libm.a(sqrt.o)
                                                  c:/users/littwin/documents/arduino/codeblocks/bin/../lib/gcc/avr/4.3.3/../../../../avr/lib/avr6\libm.a(ldexp.o)
                                                  c:/users/littwin/documents/arduino/codeblocks/bin/../lib/gcc/avr/4.3.3/../../../../avr/lib/avr6\libm.a(fp_trunc.o)
                                                  c:/users/littwin/documents/arduino/codeblocks/bin/../lib/gcc/avr/4.3.3/../../../../avr/lib/avr6\libm.a(fp_rempio2.o)
                                                  c:/users/littwin/documents/arduino/codeblocks/bin/../lib/gcc/avr/4.3.3/../../../../avr/lib/avr6\libm.a(fixunssfsi.o)
__fp_szero                                        c:/users/littwin/documents/arduino/codeblocks/bin/../lib/gcc/avr/4.3.3/../../../../avr/lib/avr6\libm.a(fp_zero.o)
                                                  c:/users/littwin/documents/arduino/codeblocks/bin/../lib/gcc/avr/4.3.3/../../../../avr/lib/avr6\libm.a(mulsf3x.o)
                                                  c:/users/littwin/documents/arduino/codeblocks/bin/../lib/gcc/avr/4.3.3/../../../../avr/lib/avr6\libm.a(ldexp.o)
                                                  c:/users/littwin/documents/arduino/codeblocks/bin/../lib/gcc/avr/4.3.3/../../../../avr/lib/avr6\libm.a(floor.o)
                                                  c:/users/littwin/documents/arduino/codeblocks/bin/../lib/gcc/avr/4.3.3/../../../../avr/lib/avr6\libm.a(fixsfsi.o)
                                                  c:/users/littwin/documents/arduino/codeblocks/bin/../lib/gcc/avr/4.3.3/../../../../avr/lib/avr6\libm.a(divsf3x.o)
                                                  c:/users/littwin/documents/arduino/codeblocks/bin/../lib/gcc/avr/4.3.3/../../../../avr/lib/avr6\libm.a(ceil.o)
__fp_trunc                                        c:/users/littwin/documents/arduino/codeblocks/bin/../lib/gcc/avr/4.3.3/../../../../avr/lib/avr6\libm.a(fp_trunc.o)
                                                  c:/users/littwin/documents/arduino/codeblocks/bin/../lib/gcc/avr/4.3.3/../../../../avr/lib/avr6\libm.a(floor.o)
                                                  c:/users/littwin/documents/arduino/codeblocks/bin/../lib/gcc/avr/4.3.3/../../../../avr/lib/avr6\libm.a(ceil.o)
__fp_zero                                         c:/users/littwin/documents/arduino/codeblocks/bin/../lib/gcc/avr/4.3.3/../../../../avr/lib/avr6\libm.a(fp_zero.o)
                                                  c:/users/littwin/documents/arduino/codeblocks/bin/../lib/gcc/avr/4.3.3/../../../../avr/lib/avr6\libm.a(fixunssfsi.o)
                                                  c:/users/littwin/documents/arduino/codeblocks/bin/../lib/gcc/avr/4.3.3/../../../../avr/lib/avr6\libm.a(atan2.o)
                                                  c:/users/littwin/documents/arduino/codeblocks/bin/../lib/gcc/avr/4.3.3/../../../../avr/lib/avr6\libm.a(addsf3x.o)
__gesf2                                           c:/users/littwin/documents/arduino/codeblocks/bin/../lib/gcc/avr/4.3.3/../../../../avr/lib/avr6\libm.a(gesf2.o)
                                                  .objs\motion.o
                                                  .objs\Extruder.o
                                                  .objs\Commands.o
__gtsf2                                           c:/users/littwin/documents/arduino/codeblocks/bin/../lib/gcc/avr/4.3.3/../../../../avr/lib/avr6\libm.a(gesf2.o)
                                                  .objs\motion.o
                                                  .objs\Extruder.o
                                                  .objs\cores\Print.o
                                                  .objs\Commands.o
__heap_end                                        c:/users/littwin/documents/arduino/codeblocks/bin/../lib/gcc/avr/4.3.3/../../../../avr/lib/avr6/crtm2560.o
                                                  c:/users/littwin/documents/arduino/codeblocks/bin/../lib/gcc/avr/4.3.3/../../../../avr/lib/avr6\libc.a(malloc.o)
__heap_start                                      c:/users/littwin/documents/arduino/codeblocks/bin/../lib/gcc/avr/4.3.3/../../../../avr/lib/avr6\libc.a(malloc.o)
__init                                            c:/users/littwin/documents/arduino/codeblocks/bin/../lib/gcc/avr/4.3.3/../../../../avr/lib/avr6/crtm2560.o